README
1sequencias hits p canonico sem extensão sem gap alinhado
README
